// Jest Snapshot v1, https://goo.gl/fbAQLP

exports[`<Index /> matches its snapshot 1`] = `
<DocumentFragment>
  <div
    class="index"
  >
    <a
      href="https://secure.csse.uwa.edu.au/run/csmarks"
      rel="noopener noreferrer"
      target="_blank"
    >
      Click to open csmarks
    </a>
  </div>
</DocumentFragment>
`;
